[bwgypyth.blogspot.com/index.html]
[backblue.gif]
[fade.gif]
[index.html]
[bwgypyth.blogspot.com/favicon.ico]
[bwgypyth.blogspot.com/feeds/posts/default]
[bwgypyth.blogspot.com/feeds/posts/default9522]
[resources.blogblog.com/blogblog/data/1kt/simple/body_gradient_tile_light.png]
[resources.blogblog.com/blogblog/data/1kt/simple/gradients_light.png]
[apis.google.com/js/plusone.js]
[pagead2.googlesyndication.com/pagead/js/f.txt]
[bwgypyth.blogspot.com/2016/11/howto-understand-0b000002-vs-0b004002.html]
[resources.blogblog.com/img/icon18_edit_allbkg.gif]
[bwgypyth.blogspot.com/2016/11/the-first-packet-sent-by-server-back-to.html]
[bwgypyth.blogspot.com/2016/11/howto-read-first-packet-sent-by-client.html]
[bwgypyth.blogspot.com/2016/10/howto-understanding-packet-header.html]
[bwgypyth.blogspot.com/2016/10/howto-capture-decrypted-packets.html]
[bwgypyth.blogspot.com/2016/10/howto-use-lotro-tools-on-linux.html]
[bwgypyth.blogspot.com/2016/10/howto-capture-appropriate-packets.html]
[bwgypyth.blogspot.com/search1f61.html]
[bwgypyth.blogspot.com/2016/index.html]
[bwgypyth.blogspot.com/2016/11/index.html]
[bwgypyth.blogspot.com/2015/index.html]
[bwgypyth.blogspot.com/2015/04/index.html]
[bwgypyth.blogspot.com/2016/10/index.html]
[bwgypyth.blogspot.com/2014/06/index.html]
[bwgypyth.blogspot.com/2014/index.html]
[bwgypyth.blogspot.com/2013/index.html]
[bwgypyth.blogspot.com/2013/10/index.html]
[bwgypyth.blogspot.com/2013/09/index.html]
[bwgypyth.blogspot.com/2013/03/index.html]
[bwgypyth.blogspot.com/2012/index.html]
[bwgypyth.blogspot.com/2012/07/index.html]
[bwgypyth.blogspot.com/2012/03/index.html]
[bwgypyth.blogspot.com/2011/index.html]
[bwgypyth.blogspot.com/2011/12/index.html]
[bwgypyth.blogspot.com/2010/index.html]
[bwgypyth.blogspot.com/2010/10/index.html]
[bwgypyth.blogspot.com/2010/04/index.html]
[bwgypyth.blogspot.com/2010/01/index.html]
[bwgypyth.blogspot.com/2009/12/index.html]
[bwgypyth.blogspot.com/2009/index.html]
[bwgypyth.blogspot.com/2009/07/index.html]
[bwgypyth.blogspot.com/2009/02/index.html]
[bwgypyth.blogspot.com/2009/01/index.html]
[resources.blogblog.com/img/icon18_wrench_allbkg.png]
[www.blogger.com/static/v1/widgets/389203291-widgets.js]
[bwgypyth.blogspot.com/index.html]
[www.blogger.com/img/widgets/stats-flipper.png]
[resources.blogblog.com/img/widgets/s_top.png]
[www.blogger.com/static/v1/widgets/3416767676-css_bundle_v2.css]
[www.blogger.com/dyn-css/authorizationde36.css]
[bwgypyth.blogspot.com/feeds/5443309192279437670/comments/default]
[resources.blogblog.com/img/blank.gif]
[bwgypyth.blogspot.com/2016/11/howto-understand-0b000002-vs-0b0040029dcf.html]
[bwgypyth.blogspot.com/2016/11/howto-understand-0b000002-vs-0b0040028edd.html]
[bwgypyth.blogspot.com/2016/11/howto-understand-0b000002-vs-0b00400220e0.html]
[bwgypyth.blogspot.com/2016/11/howto-understand-0b000002-vs-0b0040021311.html]
[bwgypyth.blogspot.com/2016/11/howto-understand-0b000002-vs-0b0040021d26.html]
[bwgypyth.blogspot.com/2016/11/howto-understand-0b000002-vs-0b0040028d22.html]
[bwgypyth.blogspot.com/2016/11/howto-understand-0b000002-vs-0b0040025232.html]
[bwgypyth.blogspot.com/2016/11/howto-understand-0b000002-vs-0b00400229bf.html]
[bwgypyth.blogspot.com/2016/11/howto-understand-0b000002-vs-0b0040023221.html]
[bwgypyth.blogspot.com/2016/11/howto-understand-0b000002-vs-0b004002e30e.html]
[bwgypyth.blogspot.com/2016/11/howto-understand-0b000002-vs-0b004002446f.html]
[bwgypyth.blogspot.com/2016/11/howto-understand-0b000002-vs-0b0040027ff4.html]
[bwgypyth.blogspot.com/2016/11/howto-understand-0b000002-vs-0b004002aaff.html]
[bwgypyth.blogspot.com/2016/11/howto-understand-0b000002-vs-0b0040020658.html]
[bwgypyth.blogspot.com/2016/11/howto-understand-0b000002-vs-0b00400261d4.html]
[bwgypyth.blogspot.com/2016/11/howto-understand-0b000002-vs-0b004002e715.html]
[bwgypyth.blogspot.com/2016/11/howto-understand-0b000002-vs-0b004002bf9e.html]
[bwgypyth.blogspot.com/2016/11/howto-understand-0b000002-vs-0b004002215a.html]
[bwgypyth.blogspot.com/2016/11/howto-understand-0b000002-vs-0b004002b898.html]
[bwgypyth.blogspot.com/2016/11/howto-understand-0b000002-vs-0b004002194d.html]
[bwgypyth.blogspot.com/2016/11/howto-understand-0b000002-vs-0b004002122d.html]
[bwgypyth.blogspot.com/2016/11/howto-understand-0b000002-vs-0b004002443d.html]
[bwgypyth.blogspot.com/2016/11/howto-understand-0b000002-vs-0b0040026e43.html]
[bwgypyth.blogspot.com/2016/11/howto-understand-0b000002-vs-0b004002c231.html]
[bwgypyth.blogspot.com/2016/11/howto-understand-0b000002-vs-0b004002d5aa.html]
[bwgypyth.blogspot.com/2016/11/howto-understand-0b000002-vs-0b004002434c.html]
[bwgypyth.blogspot.com/2016/11/howto-understand-0b000002-vs-0b00400248c1.html]
[bwgypyth.blogspot.com/2016/11/howto-understand-0b000002-vs-0b0040028422.html]
[bwgypyth.blogspot.com/2016/11/howto-understand-0b000002-vs-0b004002c5a0.html]
[bwgypyth.blogspot.com/2016/11/howto-understand-0b000002-vs-0b004002bea8.html]
[bwgypyth.blogspot.com/2016/11/howto-understand-0b000002-vs-0b0040023e27.html]
[bwgypyth.blogspot.com/2016/11/howto-understand-0b000002-vs-0b0040023207.html]
[bwgypyth.blogspot.com/2016/11/howto-understand-0b000002-vs-0b004002a590.html]
[bwgypyth.blogspot.com/2016/11/howto-understand-0b000002-vs-0b0040022445.html]
[bwgypyth.blogspot.com/2016/11/howto-understand-0b000002-vs-0b0040028559.html]
[bwgypyth.blogspot.com/2016/11/howto-understand-0b000002-vs-0b004002b0e2.html]
[bwgypyth.blogspot.com/2016/11/howto-understand-0b000002-vs-0b0040026140.html]
[bwgypyth.blogspot.com/2016/11/howto-understand-0b000002-vs-0b004002ac86.html]
[bwgypyth.blogspot.com/2016/11/howto-understand-0b000002-vs-0b004002b74f.html]
[bwgypyth.blogspot.com/2016/11/howto-understand-0b000002-vs-0b0040020641.html]
[bwgypyth.blogspot.com/2016/11/howto-understand-0b000002-vs-0b004002adaa.html]
[bwgypyth.blogspot.com/2016/11/howto-understand-0b000002-vs-0b0040027c67.html]
[bwgypyth.blogspot.com/2016/11/howto-understand-0b000002-vs-0b004002d458.html]
[bwgypyth.blogspot.com/2016/11/howto-understand-0b000002-vs-0b004002bcf1.html]
[bwgypyth.blogspot.com/2016/11/howto-understand-0b000002-vs-0b0040024fd6.html]
[bwgypyth.blogspot.com/2016/11/howto-understand-0b000002-vs-0b004002df24.html]
[bwgypyth.blogspot.com/2016/11/howto-understand-0b000002-vs-0b004002d308.html]
[bwgypyth.blogspot.com/2016/11/howto-understand-0b000002-vs-0b0040026da7.html]
[www.blogger.com/static/v1/jsbin/1068921344-comment_from_post_iframe.js]
[bwgypyth.blogspot.com/2016/11/howto-understand-0b000002-vs-0b004002.html]
[bwgypyth.blogspot.com/feeds/3639260371353766285/comments/default]
[bwgypyth.blogspot.com/2016/11/the-first-packet-sent-by-server-back-to485b.html]
[bwgypyth.blogspot.com/2016/11/the-first-packet-sent-by-server-back-toc6f7.html]
[bwgypyth.blogspot.com/2016/11/the-first-packet-sent-by-server-back-to.html]
[bwgypyth.blogspot.com/feeds/8409634553745179564/comments/default]
[bwgypyth.blogspot.com/2016/11/howto-read-first-packet-sent-by-clientde3f.html]
[bwgypyth.blogspot.com/2016/11/howto-read-first-packet-sent-by-client.html]
[bwgypyth.blogspot.com/feeds/1629446192650098598/comments/default]
[bwgypyth.blogspot.com/2016/10/howto-disabling-checksum-checks-in.html]
[bwgypyth.blogspot.com/2016/10/howto-understanding-packet-header.html]
[bwgypyth.blogspot.com/feeds/7070949002104471470/comments/default]
[bwgypyth.blogspot.com/2016/10/howto-capture-decrypted-packets.html]
[bwgypyth.blogspot.com/feeds/6382942080685965970/comments/default]
[bwgypyth.blogspot.com/2016/10/howto-use-lotro-tools-on-linux.html]
[bwgypyth.blogspot.com/feeds/54612006639288423/comments/default]
[bwgypyth.blogspot.com/2016/10/howto-capture-appropriate-packets.html]
[bwgypyth.blogspot.com/2015/04/moving-code-from-gitorious-to-gitlab.html]
[bwgypyth.blogspot.com/2014/06/state-of-project.html]
[bwgypyth.blogspot.com/2013/10/finging-strings-in-packets.html]
[bwgypyth.blogspot.com/2013/10/analyzing-initial-connection-packets.html]
[1.bp.blogspot.com/-MJ4v60ijaLc/Uk3oRumHE8I/AAAAAAAAAAc/A3GHKIqnYmQ/s1600/chart.png]
[bwgypyth.blogspot.com/2013/09/initial-analysis-of-ping-pong-packets.html]
[bwgypyth.blogspot.com/2013/09/clarification-on-projects-status.html]
[bwgypyth.blogspot.com/search62e7.html]
[bwgypyth.blogspot.com/search1f61.html]
[bwgypyth.blogspot.com/search9557.html]
[bwgypyth.blogspot.com/2016/index.html]
[bwgypyth.blogspot.com/searchfee9.html]
[bwgypyth.blogspot.com/2016/11/index.html]
[bwgypyth.blogspot.com/2016/10/index.html]
[bwgypyth.blogspot.com/search5410.html]
[bwgypyth.blogspot.com/search0df9.html]
[bwgypyth.blogspot.com/2015/index.html]
[bwgypyth.blogspot.com/2015/04/index.html]
[bwgypyth.blogspot.com/search2d8c.html]
[bwgypyth.blogspot.com/search66f8.html]
[bwgypyth.blogspot.com/2014/index.html]
[bwgypyth.blogspot.com/2014/06/index.html]
[bwgypyth.blogspot.com/2013/03/regarding-encrypted-and-unencrypted.html]
[bwgypyth.blogspot.com/2013/03/improving-communication-using-irc.html]
[bwgypyth.blogspot.com/2013/03/new-server-code-uploaded.html]
[bwgypyth.blogspot.com/2013/03/analyzing-character-creation.html]
[bwgypyth.blogspot.com/2013/03/improving-packet-analyzer.html]
[bwgypyth.blogspot.com/2013/03/initial-attempt-at-packet-analyzer.html]
[bwgypyth.blogspot.com/2013/03/updates-investigation-documents-and.html]
[bwgypyth.blogspot.com/search1bf7.html]
[bwgypyth.blogspot.com/search6b54.html]
[bwgypyth.blogspot.com/2013/index.html]
[bwgypyth.blogspot.com/search9e50.html]
[bwgypyth.blogspot.com/2013/10/index.html]
[bwgypyth.blogspot.com/searche4c3.html]
[bwgypyth.blogspot.com/search92a2.html]
[bwgypyth.blogspot.com/2013/09/index.html]
[bwgypyth.blogspot.com/searchfe53.html]
[bwgypyth.blogspot.com/2013/03/index.html]
[bwgypyth.blogspot.com/2012/07/i-recently-started-hacking-on-lotro.html]
[bwgypyth.blogspot.com/2012/03/decryption-and-encryption-progress.html]
[bwgypyth.blogspot.com/search20ce.html]
[bwgypyth.blogspot.com/searchdc96.html]
[bwgypyth.blogspot.com/2012/index.html]
[bwgypyth.blogspot.com/search16fc.html]
[bwgypyth.blogspot.com/2012/07/index.html]
[bwgypyth.blogspot.com/search1cbc.html]
[bwgypyth.blogspot.com/2012/03/index.html]
[bwgypyth.blogspot.com/2011/12/regarding-compressed-communication.html]
[bwgypyth.blogspot.com/searchfbb7.html]
[bwgypyth.blogspot.com/2011/index.html]
[bwgypyth.blogspot.com/2011/12/index.html]
[bwgypyth.blogspot.com/searchd184.html]
[bwgypyth.blogspot.com/2010/10/on-to-character-selection.html]
[bwgypyth.blogspot.com/2010/04/moving-code-to-gitorious.html]
[bwgypyth.blogspot.com/2010/01/mimicing-clients-behaviour.html]
[bwgypyth.blogspot.com/2010/01/houston-we-have-key.html]
[bwgypyth.blogspot.com/search543c.html]
[bwgypyth.blogspot.com/search6d41.html]
[bwgypyth.blogspot.com/2010/index.html]
[bwgypyth.blogspot.com/search98a3.html]
[bwgypyth.blogspot.com/2010/10/index.html]
[bwgypyth.blogspot.com/search8455.html]
[bwgypyth.blogspot.com/search91b1.html]
[bwgypyth.blogspot.com/2010/04/index.html]
[bwgypyth.blogspot.com/search3837.html]
[bwgypyth.blogspot.com/2010/01/index.html]
[bwgypyth.blogspot.com/2009/12/how-to-start-lotro-client.html]
[bwgypyth.blogspot.com/2009/07/listing-available-options.html]
[bwgypyth.blogspot.com/2009/02/tracing-crypt-api.html]
[bwgypyth.blogspot.com/2009/02/finally-emupedia-is-back.html]
[bwgypyth.blogspot.com/2009/01/i-had-quite-journey-today.html]
[bwgypyth.blogspot.com/2009/01/initial-steps.html]
[bwgypyth.blogspot.com/2009/02/what-its-all-about.html]
[bwgypyth.blogspot.com/searcheedf.html]
[bwgypyth.blogspot.com/2009/index.html]
[bwgypyth.blogspot.com/searche014.html]
[bwgypyth.blogspot.com/2009/12/index.html]
[bwgypyth.blogspot.com/searcha42c.html]
[bwgypyth.blogspot.com/searchecee.html]
[bwgypyth.blogspot.com/2009/07/index.html]
[bwgypyth.blogspot.com/searchecb4.html]
[bwgypyth.blogspot.com/search2f9c.html]
[bwgypyth.blogspot.com/2009/02/index.html]
[bwgypyth.blogspot.com/2009/01/index.html]
[bwgypyth.blogspot.com/2016/11/howto-understand-0b000002-vs-0b0040029dcf.html]
[bwgypyth.blogspot.com/2016/11/howto-understand-0b000002-vs-0b0040028edd.html]
[bwgypyth.blogspot.com/2016/11/howto-understand-0b000002-vs-0b00400220e0.html]
[bwgypyth.blogspot.com/2016/11/howto-understand-0b000002-vs-0b0040021311.html]
[bwgypyth.blogspot.com/2016/11/howto-understand-0b000002-vs-0b0040021d26.html]
[bwgypyth.blogspot.com/2016/11/howto-understand-0b000002-vs-0b0040028d22.html]
[bwgypyth.blogspot.com/2016/11/howto-understand-0b000002-vs-0b0040025232.html]
[bwgypyth.blogspot.com/2016/11/howto-understand-0b000002-vs-0b00400229bf.html]
[bwgypyth.blogspot.com/2016/11/howto-understand-0b000002-vs-0b0040023221.html]
[bwgypyth.blogspot.com/2016/11/howto-understand-0b000002-vs-0b004002e30e.html]
[bwgypyth.blogspot.com/search6a5b.html]
[bwgypyth.blogspot.com/2016/11/howto-understand-0b000002-vs-0b004002446f.html]
[bwgypyth.blogspot.com/2016/11/howto-understand-0b000002-vs-0b0040027ff4.html]
[bwgypyth.blogspot.com/2016/11/howto-understand-0b000002-vs-0b004002aaff.html]
[bwgypyth.blogspot.com/2016/11/howto-understand-0b000002-vs-0b0040020658.html]
[bwgypyth.blogspot.com/2016/11/howto-understand-0b000002-vs-0b00400261d4.html]
[bwgypyth.blogspot.com/2016/11/howto-understand-0b000002-vs-0b004002e715.html]
[www.google.com/js/bg/SepbIBUbmYna5iiQDIv-ZIjVTx7RLqZyASflNI-yBoI.js]
[bwgypyth.blogspot.com/b/csi36c9.js]
[bwgypyth.blogspot.com/2016/11/howto-understand-0b000002-vs-0b004002bf9e.html]
[bwgypyth.blogspot.com/2016/11/howto-understand-0b000002-vs-0b004002215a.html]
[bwgypyth.blogspot.com/2016/11/howto-understand-0b000002-vs-0b004002b898.html]
[bwgypyth.blogspot.com/2016/11/howto-understand-0b000002-vs-0b004002194d.html]
[bwgypyth.blogspot.com/2016/11/howto-understand-0b000002-vs-0b004002122d.html]
[bwgypyth.blogspot.com/2016/11/howto-understand-0b000002-vs-0b004002443d.html]
[bwgypyth.blogspot.com/2016/11/howto-understand-0b000002-vs-0b0040026e43.html]
[bwgypyth.blogspot.com/2016/11/howto-understand-0b000002-vs-0b004002c231.html]
[bwgypyth.blogspot.com/2016/11/howto-understand-0b000002-vs-0b004002d5aa.html]
[bwgypyth.blogspot.com/2016/11/howto-understand-0b000002-vs-0b004002434c.html]
[bwgypyth.blogspot.com/2016/11/howto-understand-0b000002-vs-0b00400248c1.html]
[bwgypyth.blogspot.com/2016/11/howto-understand-0b000002-vs-0b0040028422.html]
[bwgypyth.blogspot.com/2016/11/howto-understand-0b000002-vs-0b004002c5a0.html]
[bwgypyth.blogspot.com/2016/11/howto-understand-0b000002-vs-0b004002bea8.html]
[bwgypyth.blogspot.com/2016/11/howto-understand-0b000002-vs-0b0040023e27.html]
[bwgypyth.blogspot.com/2016/11/howto-understand-0b000002-vs-0b0040023207.html]
[bwgypyth.blogspot.com/2016/11/howto-understand-0b000002-vs-0b004002a590.html]
[bwgypyth.blogspot.com/2016/11/howto-understand-0b000002-vs-0b0040022445.html]
[bwgypyth.blogspot.com/2016/11/howto-understand-0b000002-vs-0b0040028559.html]
[bwgypyth.blogspot.com/2016/11/howto-understand-0b000002-vs-0b004002b0e2.html]
[bwgypyth.blogspot.com/2016/11/howto-understand-0b000002-vs-0b0040026140.html]
[bwgypyth.blogspot.com/2016/11/howto-understand-0b000002-vs-0b004002ac86.html]
[bwgypyth.blogspot.com/2016/11/howto-understand-0b000002-vs-0b004002b74f.html]
[bwgypyth.blogspot.com/2016/11/howto-understand-0b000002-vs-0b0040020641.html]
[bwgypyth.blogspot.com/2016/11/howto-understand-0b000002-vs-0b004002adaa.html]
[bwgypyth.blogspot.com/2016/11/howto-understand-0b000002-vs-0b0040027c67.html]
[bwgypyth.blogspot.com/2016/11/howto-understand-0b000002-vs-0b004002d458.html]
[bwgypyth.blogspot.com/2016/11/howto-understand-0b000002-vs-0b004002bcf1.html]
[bwgypyth.blogspot.com/2016/11/howto-understand-0b000002-vs-0b0040024fd6.html]
[bwgypyth.blogspot.com/2016/11/howto-understand-0b000002-vs-0b004002df24.html]
[bwgypyth.blogspot.com/2016/11/howto-understand-0b000002-vs-0b004002d308.html]
[bwgypyth.blogspot.com/2016/11/howto-understand-0b000002-vs-0b0040026da7.html]
[bwgypyth.blogspot.com/2016/11/the-first-packet-sent-by-server-back-to485b.html]
[bwgypyth.blogspot.com/2016/11/the-first-packet-sent-by-server-back-toc6f7.html]
[bwgypyth.blogspot.com/2016/11/howto-read-first-packet-sent-by-clientde3f.html]
[bwgypyth.blogspot.com/feeds/6382893859997082434/comments/default]
[bwgypyth.blogspot.com/2016/10/howto-disabling-checksum-checks-in7eda.html]
[bwgypyth.blogspot.com/2016/10/howto-disabling-checksum-checks-in.html]
[bwgypyth.blogspot.com/feeds/3808813700505913371/comments/default]
[bwgypyth.blogspot.com/2015/04/moving-code-from-gitorious-to-gitlab7e16.html]
[bwgypyth.blogspot.com/2015/04/moving-code-from-gitorious-to-gitlabc602.html]
[bwgypyth.blogspot.com/2015/04/moving-code-from-gitorious-to-gitlab5db0.html]
[bwgypyth.blogspot.com/2015/04/moving-code-from-gitorious-to-gitlabb12b.html]
[bwgypyth.blogspot.com/2015/04/moving-code-from-gitorious-to-gitlab0c8a.html]
[bwgypyth.blogspot.com/2015/04/moving-code-from-gitorious-to-gitlabc707.html]
[bwgypyth.blogspot.com/2015/04/moving-code-from-gitorious-to-gitlab.html]
[bwgypyth.blogspot.com/feeds/8595848384545881307/comments/default]
[bwgypyth.blogspot.com/2014/06/state-of-projecte332.html]
[bwgypyth.blogspot.com/2014/06/state-of-projectf90d.html]
[bwgypyth.blogspot.com/2014/06/state-of-project6de1.html]
[bwgypyth.blogspot.com/2014/06/state-of-project8a56.html]
[bwgypyth.blogspot.com/2014/06/state-of-projecte9c2.html]
[bwgypyth.blogspot.com/2014/06/state-of-project232e.html]
[bwgypyth.blogspot.com/2014/06/state-of-project3ad3.html]
[bwgypyth.blogspot.com/2014/06/state-of-project8eca.html]
[bwgypyth.blogspot.com/2014/06/state-of-project542c.html]
[bwgypyth.blogspot.com/2014/06/state-of-project6b80.html]
[bwgypyth.blogspot.com/2014/06/state-of-project1637.html]
[bwgypyth.blogspot.com/2014/06/state-of-project.html]
[bwgypyth.blogspot.com/feeds/2605167476426575707/comments/default]
[bwgypyth.blogspot.com/2013/10/finging-strings-in-packetsa302.html]
[bwgypyth.blogspot.com/2013/10/finging-strings-in-packets13f5.html]
[bwgypyth.blogspot.com/2013/10/finging-strings-in-packets8ddf.html]
[bwgypyth.blogspot.com/2013/10/finging-strings-in-packets2378.html]
[bwgypyth.blogspot.com/2013/10/finging-strings-in-packetsca95.html]
[bwgypyth.blogspot.com/2013/10/finging-strings-in-packetsd978.html]
[bwgypyth.blogspot.com/2013/10/finging-strings-in-packets033d.html]
[bwgypyth.blogspot.com/2013/10/finging-strings-in-packets4de3.html]
[bwgypyth.blogspot.com/2013/10/finging-strings-in-packets83c6.html]
[bwgypyth.blogspot.com/2013/10/finging-strings-in-packets59a7.html]
[bwgypyth.blogspot.com/2013/10/finging-strings-in-packets7613.html]
[bwgypyth.blogspot.com/2013/10/finging-strings-in-packetsb129.html]
[bwgypyth.blogspot.com/2013/10/finging-strings-in-packets8ae9.html]
[bwgypyth.blogspot.com/2013/10/finging-strings-in-packets9d46.html]
[bwgypyth.blogspot.com/2013/10/finging-strings-in-packets.html]
[bwgypyth.blogspot.com/feeds/7661908294820483908/comments/default]
[bwgypyth.blogspot.com/2013/10/analyzing-initial-connection-packets.html]
[bwgypyth.blogspot.com/feeds/5972978791913032863/comments/default]
[bwgypyth.blogspot.com/2013/09/initial-analysis-of-ping-pong-packets.html]
[bwgypyth.blogspot.com/feeds/6252509659905360456/comments/default]
[bwgypyth.blogspot.com/2013/09/clarification-on-projects-statuscb2a.html]
[bwgypyth.blogspot.com/2013/09/clarification-on-projects-status.html]
[bwgypyth.blogspot.com/searchfe01.html]
[bwgypyth.blogspot.com/search62e7.html]
[bwgypyth.blogspot.com/searchf14f.html]
[bwgypyth.blogspot.com/search9557.html]
[bwgypyth.blogspot.com/search3ef4.html]
[bwgypyth.blogspot.com/searchfee9.html]
[bwgypyth.blogspot.com/searchc067.html]
[bwgypyth.blogspot.com/search5410.html]
[bwgypyth.blogspot.com/search0f04.html]
[bwgypyth.blogspot.com/search0df9.html]
[bwgypyth.blogspot.com/search431a.html]
[bwgypyth.blogspot.com/search2d8c.html]
[bwgypyth.blogspot.com/search8ae2.html]
[bwgypyth.blogspot.com/search66f8.html]
[bwgypyth.blogspot.com/feeds/4428444171825395359/comments/default]
[bwgypyth.blogspot.com/2013/03/regarding-encrypted-and-unencrypted0b33.html]
[bwgypyth.blogspot.com/2013/03/regarding-encrypted-and-unencryptedd8dd.html]
[bwgypyth.blogspot.com/2013/03/regarding-encrypted-and-unencryptedfdf1.html]
[bwgypyth.blogspot.com/2013/03/regarding-encrypted-and-unencrypted105c.html]
[bwgypyth.blogspot.com/2013/03/regarding-encrypted-and-unencrypted841d.html]
[bwgypyth.blogspot.com/2013/03/regarding-encrypted-and-unencryptede4a1.html]
[bwgypyth.blogspot.com/2013/03/regarding-encrypted-and-unencryptedade2.html]
[bwgypyth.blogspot.com/2013/03/regarding-encrypted-and-unencrypted9028.html]
[bwgypyth.blogspot.com/2013/03/regarding-encrypted-and-unencryptedef53.html]
[bwgypyth.blogspot.com/2013/03/regarding-encrypted-and-unencrypted838e.html]
[bwgypyth.blogspot.com/2013/03/regarding-encrypted-and-unencryptedcb4f.html]
[bwgypyth.blogspot.com/2013/03/regarding-encrypted-and-unencryptede600.html]
[bwgypyth.blogspot.com/2013/03/regarding-encrypted-and-unencrypted2179.html]
[bwgypyth.blogspot.com/2013/03/regarding-encrypted-and-unencrypted7bf5.html]
[bwgypyth.blogspot.com/2013/03/regarding-encrypted-and-unencrypted3521.html]
[bwgypyth.blogspot.com/2013/03/regarding-encrypted-and-unencryptedad42.html]
[bwgypyth.blogspot.com/2013/03/regarding-encrypted-and-unencryptede758.html]
[bwgypyth.blogspot.com/2013/03/regarding-encrypted-and-unencrypted3d9c.html]
[bwgypyth.blogspot.com/2013/03/regarding-encrypted-and-unencrypted.html]
[bwgypyth.blogspot.com/feeds/7419702594150349774/comments/default]
[bwgypyth.blogspot.com/2013/03/improving-communication-using-irc7427.html]
[bwgypyth.blogspot.com/2013/03/improving-communication-using-irc7fc1.html]
[bwgypyth.blogspot.com/2013/03/improving-communication-using-irc280d.html]
[bwgypyth.blogspot.com/2013/03/improving-communication-using-irc7282.html]
[bwgypyth.blogspot.com/2013/03/improving-communication-using-irc.html]
[bwgypyth.blogspot.com/feeds/8938509078546006601/comments/default]
[bwgypyth.blogspot.com/2013/03/new-server-code-uploadedd72b.html]
[bwgypyth.blogspot.com/2013/03/new-server-code-uploadedc58b.html]
[bwgypyth.blogspot.com/2013/03/new-server-code-uploaded.html]
[bwgypyth.blogspot.com/feeds/1838063560071403083/comments/default]
[bwgypyth.blogspot.com/2013/03/analyzing-character-creationbb9b.html]
[bwgypyth.blogspot.com/2013/03/analyzing-character-creatione3e0.html]
[bwgypyth.blogspot.com/2013/03/analyzing-character-creation.html]
[bwgypyth.blogspot.com/feeds/2091417808896830404/comments/default]
[bwgypyth.blogspot.com/2013/03/improving-packet-analyzer5181.html]
[bwgypyth.blogspot.com/2013/03/improving-packet-analyzer19c5.html]
[bwgypyth.blogspot.com/2013/03/improving-packet-analyzer.html]
[bwgypyth.blogspot.com/feeds/80596944534929391/comments/default]
[bwgypyth.blogspot.com/2013/03/initial-attempt-at-packet-analyzeraf8d.html]
[bwgypyth.blogspot.com/2013/03/initial-attempt-at-packet-analyzere4ef.html]
[bwgypyth.blogspot.com/2013/03/initial-attempt-at-packet-analyzer3612.html]
[bwgypyth.blogspot.com/2013/03/initial-attempt-at-packet-analyzere859.html]
[bwgypyth.blogspot.com/2013/03/initial-attempt-at-packet-analyzera4be.html]
[bwgypyth.blogspot.com/2013/03/initial-attempt-at-packet-analyzerc77c.html]
[bwgypyth.blogspot.com/2013/03/initial-attempt-at-packet-analyzerc22c.html]
[bwgypyth.blogspot.com/2013/03/initial-attempt-at-packet-analyzerc39f.html]
[bwgypyth.blogspot.com/2013/03/initial-attempt-at-packet-analyzer3500.html]
[bwgypyth.blogspot.com/2013/03/initial-attempt-at-packet-analyzerc5ec.html]
[bwgypyth.blogspot.com/2013/03/initial-attempt-at-packet-analyzer.html]
[bwgypyth.blogspot.com/feeds/1649006086242367261/comments/default]
[bwgypyth.blogspot.com/2013/03/updates-investigation-documents-and0938.html]
[bwgypyth.blogspot.com/2013/03/updates-investigation-documents-and6d4f.html]
[bwgypyth.blogspot.com/2013/03/updates-investigation-documents-and733a.html]
[bwgypyth.blogspot.com/2013/03/updates-investigation-documents-andfad8.html]
[bwgypyth.blogspot.com/2013/03/updates-investigation-documents-anda972.html]
[bwgypyth.blogspot.com/2013/03/updates-investigation-documents-andd7d7.html]
[bwgypyth.blogspot.com/2013/03/updates-investigation-documents-and.html]
[bwgypyth.blogspot.com/search0c5d.html]
[bwgypyth.blogspot.com/search1bf7.html]
[bwgypyth.blogspot.com/search6b54.html]
[bwgypyth.blogspot.com/search540e.html]
[bwgypyth.blogspot.com/search8d49.html]
[bwgypyth.blogspot.com/search9e50.html]
[bwgypyth.blogspot.com/searcha688.html]
[bwgypyth.blogspot.com/searche4c3.html]
[bwgypyth.blogspot.com/search7440.html]
[bwgypyth.blogspot.com/search92a2.html]
[bwgypyth.blogspot.com/search3359.html]
[bwgypyth.blogspot.com/searchfe53.html]
[bwgypyth.blogspot.com/feeds/3653141589936136182/comments/default]
[bwgypyth.blogspot.com/2012/07/i-recently-started-hacking-on-lotro98ca.html]
[bwgypyth.blogspot.com/2012/07/i-recently-started-hacking-on-lotro0b7b.html]
[bwgypyth.blogspot.com/2012/07/i-recently-started-hacking-on-lotro33b4.html]
[bwgypyth.blogspot.com/2012/07/i-recently-started-hacking-on-lotro6c3f.html]
[bwgypyth.blogspot.com/2012/07/i-recently-started-hacking-on-lotrob9a4.html]
[bwgypyth.blogspot.com/2012/07/i-recently-started-hacking-on-lotrof722.html]
[bwgypyth.blogspot.com/2012/07/i-recently-started-hacking-on-lotro64dd.html]
[bwgypyth.blogspot.com/2012/07/i-recently-started-hacking-on-lotro7d1d.html]
[bwgypyth.blogspot.com/2012/07/i-recently-started-hacking-on-lotroeb1a.html]
[bwgypyth.blogspot.com/2012/07/i-recently-started-hacking-on-lotroe168.html]
[bwgypyth.blogspot.com/2012/07/i-recently-started-hacking-on-lotro5307.html]
[bwgypyth.blogspot.com/2012/07/i-recently-started-hacking-on-lotro382a.html]
[bwgypyth.blogspot.com/2012/07/i-recently-started-hacking-on-lotro0439.html]
[bwgypyth.blogspot.com/2012/07/i-recently-started-hacking-on-lotro31d7.html]
[bwgypyth.blogspot.com/2012/07/i-recently-started-hacking-on-lotroddfd.html]
[bwgypyth.blogspot.com/2012/07/i-recently-started-hacking-on-lotro90e1.html]
[bwgypyth.blogspot.com/2012/07/i-recently-started-hacking-on-lotro756f.html]
[bwgypyth.blogspot.com/2012/07/i-recently-started-hacking-on-lotro488a.html]
[bwgypyth.blogspot.com/2012/07/i-recently-started-hacking-on-lotro0896.html]
[bwgypyth.blogspot.com/2012/07/i-recently-started-hacking-on-lotro5b4b.html]
[bwgypyth.blogspot.com/2012/07/i-recently-started-hacking-on-lotro14e6.html]
[bwgypyth.blogspot.com/2012/07/i-recently-started-hacking-on-lotro6892.html]
[bwgypyth.blogspot.com/2012/07/i-recently-started-hacking-on-lotrod20d.html]
[bwgypyth.blogspot.com/2012/07/i-recently-started-hacking-on-lotro4c35.html]
[bwgypyth.blogspot.com/2012/07/i-recently-started-hacking-on-lotro60f0.html]
[bwgypyth.blogspot.com/2012/07/i-recently-started-hacking-on-lotroc2f1.html]
[bwgypyth.blogspot.com/2012/07/i-recently-started-hacking-on-lotro8a13.html]
[bwgypyth.blogspot.com/2012/07/i-recently-started-hacking-on-lotrof04e.html]
[bwgypyth.blogspot.com/2012/07/i-recently-started-hacking-on-lotro1ace.html]
[bwgypyth.blogspot.com/2012/07/i-recently-started-hacking-on-lotrocfce.html]
[bwgypyth.blogspot.com/2012/07/i-recently-started-hacking-on-lotrob956.html]
[bwgypyth.blogspot.com/2012/07/i-recently-started-hacking-on-lotro1aba.html]
[bwgypyth.blogspot.com/2012/07/i-recently-started-hacking-on-lotrocc17.html]
[bwgypyth.blogspot.com/2012/07/i-recently-started-hacking-on-lotro.11c.delayed]
[bwgypyth.blogspot.com/2012/07/i-recently-started-hacking-on-lotro3dfb.html]
[bwgypyth.blogspot.com/2012/07/i-recently-started-hacking-on-lotrod78d.html]
[bwgypyth.blogspot.com/2012/07/i-recently-started-hacking-on-lotro50f3.html]
[bwgypyth.blogspot.com/2012/07/i-recently-started-hacking-on-lotrod9c7.html]
[bwgypyth.blogspot.com/2012/07/i-recently-started-hacking-on-lotro420e.html]
[bwgypyth.blogspot.com/2012/07/i-recently-started-hacking-on-lotro796d.html]
[bwgypyth.blogspot.com/2012/07/i-recently-started-hacking-on-lotro188b.html]
[ragecollection.com/img/ragefaces/surprised.124.delayed]
[bwgypyth.blogspot.com/2012/07/i-recently-started-hacking-on-lotro.html]
[bwgypyth.blogspot.com/feeds/3579515629820765809/comments/default]
[bwgypyth.blogspot.com/2012/03/decryption-and-encryption-progressbc3f.html]
[bwgypyth.blogspot.com/2012/03/decryption-and-encryption-progress067c.html]
[bwgypyth.blogspot.com/2012/03/decryption-and-encryption-progress1b04.html]
[bwgypyth.blogspot.com/2012/03/decryption-and-encryption-progress9b5f.html]
[bwgypyth.blogspot.com/2012/03/decryption-and-encryption-progress9db8.html]
[bwgypyth.blogspot.com/2012/03/decryption-and-encryption-progress.html]
[bwgypyth.blogspot.com/search7909.html]
[bwgypyth.blogspot.com/search20ce.html]
[bwgypyth.blogspot.com/search9ebe.html]
[bwgypyth.blogspot.com/searchdc96.html]
[bwgypyth.blogspot.com/searchbf63.html]
[bwgypyth.blogspot.com/search16fc.html]
[bwgypyth.blogspot.com/searcha533.html]
[bwgypyth.blogspot.com/search77fe.html]
[bwgypyth.blogspot.com/search1cbc.html]
[bwgypyth.blogspot.com/feeds/8862114303370807474/comments/default]
[bwgypyth.blogspot.com/2011/12/regarding-compressed-communication5a45.html]
[bwgypyth.blogspot.com/2011/12/regarding-compressed-communication6c49.html]
[bwgypyth.blogspot.com/2011/12/regarding-compressed-communication82c4.html]
[bwgypyth.blogspot.com/2011/12/regarding-compressed-communication8e6f.html]
[bwgypyth.blogspot.com/2011/12/regarding-compressed-communicationfa45.html]
[bwgypyth.blogspot.com/2011/12/regarding-compressed-communicationdbef.html]
[bwgypyth.blogspot.com/2011/12/regarding-compressed-communicationa249.html]
[bwgypyth.blogspot.com/2011/12/regarding-compressed-communicationbaaa.html]
[bwgypyth.blogspot.com/2011/12/regarding-compressed-communication6423.html]
[bwgypyth.blogspot.com/2011/12/regarding-compressed-communication019f.html]
[bwgypyth.blogspot.com/2011/12/regarding-compressed-communication7d79.html]
[bwgypyth.blogspot.com/2011/12/regarding-compressed-communication5316.html]
[bwgypyth.blogspot.com/2011/12/regarding-compressed-communication48c1.html]
[bwgypyth.blogspot.com/2011/12/regarding-compressed-communication7007.html]
[bwgypyth.blogspot.com/2011/12/regarding-compressed-communication.html]
[bwgypyth.blogspot.com/search31f6.html]
[bwgypyth.blogspot.com/searchfd10.html]
[bwgypyth.blogspot.com/searchfbb7.html]
[bwgypyth.blogspot.com/searcha57c.html]
[bwgypyth.blogspot.com/searchd184.html]
[bwgypyth.blogspot.com/feeds/183851944445843602/comments/default]
[bwgypyth.blogspot.com/2010/10/on-to-character-selection3bf1.html]
[bwgypyth.blogspot.com/2010/10/on-to-character-selection6391.html]
[bwgypyth.blogspot.com/2010/10/on-to-character-selectionabf5.html]
[bwgypyth.blogspot.com/2010/10/on-to-character-selectiona522.html]
[bwgypyth.blogspot.com/2010/10/on-to-character-selection7b91.html]
[bwgypyth.blogspot.com/2010/10/on-to-character-selection924f.html]
[bwgypyth.blogspot.com/2010/10/on-to-character-selection2d05.html]
[bwgypyth.blogspot.com/2010/10/on-to-character-selection7350.html]
[bwgypyth.blogspot.com/2010/10/on-to-character-selection7fd7.html]
[bwgypyth.blogspot.com/2010/10/on-to-character-selectioneb64.html]
[bwgypyth.blogspot.com/2010/10/on-to-character-selectiond767.html]
[bwgypyth.blogspot.com/2010/10/on-to-character-selection41f9.html]
[bwgypyth.blogspot.com/2010/10/on-to-character-selection9193.html]
[bwgypyth.blogspot.com/2010/10/on-to-character-selection1de2.html]
[bwgypyth.blogspot.com/2010/10/on-to-character-selection4d24.html]
[bwgypyth.blogspot.com/2010/10/on-to-character-selection573d.html]
[bwgypyth.blogspot.com/2010/10/on-to-character-selectionb4ce.html]
[bwgypyth.blogspot.com/2010/10/on-to-character-selection9346.html]
[bwgypyth.blogspot.com/2010/10/on-to-character-selection.html]
[bwgypyth.blogspot.com/feeds/4856107957716902437/comments/default]
[bwgypyth.blogspot.com/2010/04/moving-code-to-gitoriousc440.html]
[bwgypyth.blogspot.com/2010/04/moving-code-to-gitoriousf22c.html]
[bwgypyth.blogspot.com/2010/04/moving-code-to-gitorious2ab4.html]
[bwgypyth.blogspot.com/2010/04/moving-code-to-gitorious29e1.html]
[bwgypyth.blogspot.com/2010/04/moving-code-to-gitoriousb666.html]
[bwgypyth.blogspot.com/2010/04/moving-code-to-gitoriousa1f7.html]
[bwgypyth.blogspot.com/2010/04/moving-code-to-gitorious49ea.html]
[bwgypyth.blogspot.com/2010/04/moving-code-to-gitorious.html]
[bwgypyth.blogspot.com/feeds/7829790599853935160/comments/default]
[bwgypyth.blogspot.com/2010/01/mimicing-clients-behaviour.html]
[bwgypyth.blogspot.com/feeds/6631856021220626705/comments/default]
[bwgypyth.blogspot.com/2010/01/houston-we-have-key.html]
[bwgypyth.blogspot.com/search2f93.html]
[bwgypyth.blogspot.com/searchfcc1.html]
[bwgypyth.blogspot.com/search543c.html]
[www.google.com/js/bg/YIDfcrccmMGM-RVa9Wg5TnrlfCKTYOSLU_teDFpSL4s.js]
[bwgypyth.blogspot.com/b/csi1cb3.js]
[bwgypyth.blogspot.com/search6d41.html]
[bwgypyth.blogspot.com/search3dc3.html]
[bwgypyth.blogspot.com/search98a3.html]
[bwgypyth.blogspot.com/search7198.html]
[bwgypyth.blogspot.com/search3611.html]
[bwgypyth.blogspot.com/search8455.html]
[bwgypyth.blogspot.com/search71f1.html]
[bwgypyth.blogspot.com/search91b1.html]
[bwgypyth.blogspot.com/search0064.html]
[bwgypyth.blogspot.com/search83f7.html]
[bwgypyth.blogspot.com/search3837.html]
[bwgypyth.blogspot.com/feeds/2442252782556580784/comments/default]
[bwgypyth.blogspot.com/2009/12/how-to-start-lotro-client.html]
[bwgypyth.blogspot.com/feeds/1196418328039462741/comments/default]
[bwgypyth.blogspot.com/2009/07/listing-available-options.html]
[bwgypyth.blogspot.com/feeds/7693289917929153070/comments/default]
[bwgypyth.blogspot.com/2009/02/tracing-crypt-api668b.html]
[bwgypyth.blogspot.com/2009/02/tracing-crypt-apif0a4.html]
[bwgypyth.blogspot.com/2009/02/tracing-crypt-api7a31.html]
[bwgypyth.blogspot.com/2009/02/tracing-crypt-api1762.html]
[bwgypyth.blogspot.com/2009/02/tracing-crypt-api2fba.html]
[bwgypyth.blogspot.com/2009/02/tracing-crypt-api.html]
[bwgypyth.blogspot.com/feeds/2000639849601126093/comments/default]
[bwgypyth.blogspot.com/2009/02/finally-emupedia-is-back.html]
[bwgypyth.blogspot.com/feeds/5599776196129090788/comments/default]
[bwgypyth.blogspot.com/2009/01/i-had-quite-journey-today.html]
[bwgypyth.blogspot.com/feeds/6124743057411398970/comments/default]
[bwgypyth.blogspot.com/2009/01/initial-steps.html]
[bwgypyth.blogspot.com/feeds/8777877511965272324/comments/default]
[bwgypyth.blogspot.com/2009/02/what-its-all-about.html]
[bwgypyth.blogspot.com/searcheedf.html]
[bwgypyth.blogspot.com/search3318.html]
[bwgypyth.blogspot.com/searche014.html]
[bwgypyth.blogspot.com/search05f2.html]
[bwgypyth.blogspot.com/searcha42c.html]
[bwgypyth.blogspot.com/searchecee.html]
[bwgypyth.blogspot.com/search5bbd.html]
[bwgypyth.blogspot.com/searchecb4.html]
[bwgypyth.blogspot.com/search2f9c.html]
[bwgypyth.blogspot.com/search2f62.html]
[bwgypyth.blogspot.com/search6a5b.html]
[bwgypyth.blogspot.com/2016/10/howto-disabling-checksum-checks-in7eda.html]
[draft.blogger.com/dyn-css/authorizationde36.css]
[bwgypyth.blogspot.com/2015/04/moving-code-from-gitorious-to-gitlab7e16.html]
[bwgypyth.blogspot.com/2015/04/moving-code-from-gitorious-to-gitlabc602.html]
[3.bp.blogspot.com/_IirCth1qUZ8/SatfyRsENdI/AAAAAAAAAD0/hoHHe4lq69o/S45-s35/m_e75d2beec8872c0a1c7ff4ba0aa5acc1.png]
[bwgypyth.blogspot.com/2015/04/moving-code-from-gitorious-to-gitlab5db0.html]
[bwgypyth.blogspot.com/2015/04/moving-code-from-gitorious-to-gitlabb12b.html]
[bwgypyth.blogspot.com/2015/04/moving-code-from-gitorious-to-gitlab0c8a.html]
[bwgypyth.blogspot.com/2015/04/moving-code-from-gitorious-to-gitlabc707.html]
[bwgypyth.blogspot.com/2014/06/state-of-projecte332.html]
[bwgypyth.blogspot.com/2014/06/state-of-projectf90d.html]
[bwgypyth.blogspot.com/2014/06/state-of-project6de1.html]
[bwgypyth.blogspot.com/2014/06/state-of-project8a56.html]
[bwgypyth.blogspot.com/2014/06/state-of-projecte9c2.html]
[bwgypyth.blogspot.com/2014/06/state-of-project232e.html]
[bwgypyth.blogspot.com/2014/06/state-of-project3ad3.html]
[bwgypyth.blogspot.com/2014/06/state-of-project8eca.html]
[bwgypyth.blogspot.com/2014/06/state-of-project542c.html]
[bwgypyth.blogspot.com/2014/06/state-of-project6b80.html]
[bwgypyth.blogspot.com/2014/06/state-of-project1637.html]
[bwgypyth.blogspot.com/2013/10/finging-strings-in-packetsa302.html]
[bwgypyth.blogspot.com/2013/10/finging-strings-in-packets13f5.html]
[bwgypyth.blogspot.com/2013/10/finging-strings-in-packets8ddf.html]
[bwgypyth.blogspot.com/2013/10/finging-strings-in-packets2378.html]
[bwgypyth.blogspot.com/2013/10/finging-strings-in-packetsca95.html]
[bwgypyth.blogspot.com/2013/10/finging-strings-in-packetsd978.html]
[bwgypyth.blogspot.com/2013/10/finging-strings-in-packets033d.html]
[bwgypyth.blogspot.com/2013/10/finging-strings-in-packets4de3.html]
[bwgypyth.blogspot.com/2013/10/finging-strings-in-packets83c6.html]
[bwgypyth.blogspot.com/2013/10/finging-strings-in-packets59a7.html]
[bwgypyth.blogspot.com/2013/10/finging-strings-in-packets7613.html]
[bwgypyth.blogspot.com/2013/10/finging-strings-in-packetsb129.html]
[bwgypyth.blogspot.com/2013/10/finging-strings-in-packets8ae9.html]
[bwgypyth.blogspot.com/2013/10/finging-strings-in-packets9d46.html]
[bwgypyth.blogspot.com/2013/09/clarification-on-projects-statuscb2a.html]
[bwgypyth.blogspot.com/searchfe01.html]
[bwgypyth.blogspot.com/search0d13.html]
[bwgypyth.blogspot.com/searcha733.html]
[bwgypyth.blogspot.com/searchf14f.html]
[bwgypyth.blogspot.com/search0993.html]
[bwgypyth.blogspot.com/search3ef4.html]
[bwgypyth.blogspot.com/search717b.html]
[bwgypyth.blogspot.com/searchc067.html]
[bwgypyth.blogspot.com/search0f04.html]
[bwgypyth.blogspot.com/searchf930.html]
[bwgypyth.blogspot.com/search3e26.html]
[bwgypyth.blogspot.com/search431a.html]
[bwgypyth.blogspot.com/searchef5d.html]
[bwgypyth.blogspot.com/search8ae2.html]
[bwgypyth.blogspot.com/2013/03/regarding-encrypted-and-unencrypted0b33.html]
[bwgypyth.blogspot.com/2013/03/regarding-encrypted-and-unencryptedd8dd.html]
[bwgypyth.blogspot.com/2013/03/regarding-encrypted-and-unencryptedfdf1.html]
[bwgypyth.blogspot.com/2013/03/regarding-encrypted-and-unencrypted105c.html]
[bwgypyth.blogspot.com/2013/03/regarding-encrypted-and-unencrypted841d.html]
[bwgypyth.blogspot.com/2013/03/regarding-encrypted-and-unencryptede4a1.html]
[bwgypyth.blogspot.com/2013/03/regarding-encrypted-and-unencryptedade2.html]
[bwgypyth.blogspot.com/2013/03/regarding-encrypted-and-unencrypted9028.html]
[bwgypyth.blogspot.com/2013/03/regarding-encrypted-and-unencryptedef53.html]
[bwgypyth.blogspot.com/2013/03/regarding-encrypted-and-unencrypted838e.html]
[bwgypyth.blogspot.com/2013/03/regarding-encrypted-and-unencryptedcb4f.html]
[bwgypyth.blogspot.com/2013/03/regarding-encrypted-and-unencryptede600.html]
[bwgypyth.blogspot.com/2013/03/regarding-encrypted-and-unencrypted2179.html]
[bwgypyth.blogspot.com/2013/03/regarding-encrypted-and-unencrypted7bf5.html]
[bwgypyth.blogspot.com/2013/03/regarding-encrypted-and-unencrypted3521.html]
[bwgypyth.blogspot.com/2013/03/regarding-encrypted-and-unencryptedad42.html]
[bwgypyth.blogspot.com/2013/03/regarding-encrypted-and-unencryptede758.html]
[bwgypyth.blogspot.com/2013/03/regarding-encrypted-and-unencrypted3d9c.html]
[bwgypyth.blogspot.com/2013/03/improving-communication-using-irc7427.html]
[bwgypyth.blogspot.com/2013/03/improving-communication-using-irc7fc1.html]
[bwgypyth.blogspot.com/2013/03/improving-communication-using-irc280d.html]
[bwgypyth.blogspot.com/2013/03/improving-communication-using-irc7282.html]
[bwgypyth.blogspot.com/2013/03/new-server-code-uploadedd72b.html]
[bwgypyth.blogspot.com/2013/03/new-server-code-uploadedc58b.html]
[bwgypyth.blogspot.com/2013/03/analyzing-character-creationbb9b.html]
[bwgypyth.blogspot.com/2013/03/analyzing-character-creatione3e0.html]
[bwgypyth.blogspot.com/2013/03/improving-packet-analyzer5181.html]
[bwgypyth.blogspot.com/2013/03/improving-packet-analyzer19c5.html]
[bwgypyth.blogspot.com/2013/03/initial-attempt-at-packet-analyzeraf8d.html]
[bwgypyth.blogspot.com/2013/03/initial-attempt-at-packet-analyzere4ef.html]
[bwgypyth.blogspot.com/2013/03/initial-attempt-at-packet-analyzer3612.html]
[bwgypyth.blogspot.com/2013/03/initial-attempt-at-packet-analyzere859.html]
[bwgypyth.blogspot.com/2013/03/initial-attempt-at-packet-analyzera4be.html]
[bwgypyth.blogspot.com/2013/03/initial-attempt-at-packet-analyzerc77c.html]
[bwgypyth.blogspot.com/2013/03/initial-attempt-at-packet-analyzerc22c.html]
[bwgypyth.blogspot.com/2013/03/initial-attempt-at-packet-analyzerc39f.html]
[bwgypyth.blogspot.com/2013/03/initial-attempt-at-packet-analyzer3500.html]
[bwgypyth.blogspot.com/2013/03/initial-attempt-at-packet-analyzerc5ec.html]
[bwgypyth.blogspot.com/2013/03/updates-investigation-documents-and0938.html]
[bwgypyth.blogspot.com/2013/03/updates-investigation-documents-and6d4f.html]
[bwgypyth.blogspot.com/2013/03/updates-investigation-documents-and733a.html]
[bwgypyth.blogspot.com/2013/03/updates-investigation-documents-andfad8.html]
[bwgypyth.blogspot.com/2013/03/updates-investigation-documents-anda972.html]
[bwgypyth.blogspot.com/2013/03/updates-investigation-documents-andd7d7.html]
[bwgypyth.blogspot.com/searchb1a5.html]
[bwgypyth.blogspot.com/search0c5d.html]
[bwgypyth.blogspot.com/search540e.html]
[bwgypyth.blogspot.com/search8d49.html]
[bwgypyth.blogspot.com/searchd174.html]
[bwgypyth.blogspot.com/search5228.html]
[bwgypyth.blogspot.com/searcha688.html]
[bwgypyth.blogspot.com/search7440.html]
[bwgypyth.blogspot.com/search2aab.html]
[bwgypyth.blogspot.com/search1efd.html]
[bwgypyth.blogspot.com/search3359.html]
[bwgypyth.blogspot.com/2012/07/i-recently-started-hacking-on-lotro98ca.html]
[bwgypyth.blogspot.com/2012/07/i-recently-started-hacking-on-lotro0b7b.html]
[bwgypyth.blogspot.com/2012/07/i-recently-started-hacking-on-lotro33b4.html]
[bwgypyth.blogspot.com/2012/07/i-recently-started-hacking-on-lotro6c3f.html]
[bwgypyth.blogspot.com/2012/07/i-recently-started-hacking-on-lotrob9a4.html]
[bwgypyth.blogspot.com/2012/07/i-recently-started-hacking-on-lotrof722.html]
[bwgypyth.blogspot.com/2012/07/i-recently-started-hacking-on-lotro64dd.html]
[bwgypyth.blogspot.com/2012/07/i-recently-started-hacking-on-lotro7d1d.html]
[bwgypyth.blogspot.com/2012/07/i-recently-started-hacking-on-lotroeb1a.html]
[bwgypyth.blogspot.com/2012/07/i-recently-started-hacking-on-lotroe168.html]
[bwgypyth.blogspot.com/2012/07/i-recently-started-hacking-on-lotro5307.html]
[bwgypyth.blogspot.com/2012/07/i-recently-started-hacking-on-lotro382a.html]
[bwgypyth.blogspot.com/2012/07/i-recently-started-hacking-on-lotro0439.html]
[bwgypyth.blogspot.com/2012/07/i-recently-started-hacking-on-lotro31d7.html]
[bwgypyth.blogspot.com/2012/07/i-recently-started-hacking-on-lotroddfd.html]
[bwgypyth.blogspot.com/2012/07/i-recently-started-hacking-on-lotro90e1.html]
[bwgypyth.blogspot.com/2012/07/i-recently-started-hacking-on-lotro756f.html]
[bwgypyth.blogspot.com/2012/07/i-recently-started-hacking-on-lotro488a.html]
[bwgypyth.blogspot.com/2012/07/i-recently-started-hacking-on-lotro0896.html]
[bwgypyth.blogspot.com/2012/07/i-recently-started-hacking-on-lotro5b4b.html]
[bwgypyth.blogspot.com/2012/07/i-recently-started-hacking-on-lotro14e6.html]
[bwgypyth.blogspot.com/2012/07/i-recently-started-hacking-on-lotro6892.html]
[bwgypyth.blogspot.com/2012/07/i-recently-started-hacking-on-lotrod20d.html]
[bwgypyth.blogspot.com/2012/07/i-recently-started-hacking-on-lotro4c35.html]
[bwgypyth.blogspot.com/2012/07/i-recently-started-hacking-on-lotro60f0.html]
[bwgypyth.blogspot.com/2012/07/i-recently-started-hacking-on-lotroc2f1.html]
[bwgypyth.blogspot.com/2012/07/i-recently-started-hacking-on-lotro8a13.html]
[bwgypyth.blogspot.com/2012/07/i-recently-started-hacking-on-lotrof04e.html]
[bwgypyth.blogspot.com/2012/07/i-recently-started-hacking-on-lotro1ace.html]
[bwgypyth.blogspot.com/2012/07/i-recently-started-hacking-on-lotrocfce.html]
[bwgypyth.blogspot.com/2012/07/i-recently-started-hacking-on-lotrob956.html]
[bwgypyth.blogspot.com/2012/07/i-recently-started-hacking-on-lotro1aba.html]
[bwgypyth.blogspot.com/2012/07/i-recently-started-hacking-on-lotrocc17.html]
[bwgypyth.blogspot.com/2012/07/i-recently-started-hacking-on-lotro-2.html]
[bwgypyth.blogspot.com/2012/07/i-recently-started-hacking-on-lotro3dfb.html]
[bwgypyth.blogspot.com/2012/07/i-recently-started-hacking-on-lotrod78d.html]
[bwgypyth.blogspot.com/2012/07/i-recently-started-hacking-on-lotro50f3.html]
[bwgypyth.blogspot.com/2012/07/i-recently-started-hacking-on-lotrod9c7.html]
[bwgypyth.blogspot.com/2012/07/i-recently-started-hacking-on-lotro420e.html]
[bwgypyth.blogspot.com/2012/07/i-recently-started-hacking-on-lotro796d.html]
[bwgypyth.blogspot.com/2012/07/i-recently-started-hacking-on-lotro188b.html]
[ragecollection.com/img/ragefaces/surprised.html]
[bwgypyth.blogspot.com/2012/03/decryption-and-encryption-progressbc3f.html]
[bwgypyth.blogspot.com/2012/03/decryption-and-encryption-progress067c.html]
[bwgypyth.blogspot.com/2012/03/decryption-and-encryption-progress1b04.html]
[bwgypyth.blogspot.com/2012/03/decryption-and-encryption-progress9b5f.html]
[bwgypyth.blogspot.com/2012/03/decryption-and-encryption-progress9db8.html]
[bwgypyth.blogspot.com/search7909.html]
[bwgypyth.blogspot.com/search9ebe.html]
[bwgypyth.blogspot.com/search5417.html]
[bwgypyth.blogspot.com/searchbf63.html]
[bwgypyth.blogspot.com/search6dc2.html]
[bwgypyth.blogspot.com/searcha533.html]
[bwgypyth.blogspot.com/search9ec6.html]
[bwgypyth.blogspot.com/search77fe.html]
[bwgypyth.blogspot.com/2011/12/regarding-compressed-communication5a45.html]
[bwgypyth.blogspot.com/2011/12/regarding-compressed-communication6c49.html]
[bwgypyth.blogspot.com/2011/12/regarding-compressed-communication82c4.html]
[bwgypyth.blogspot.com/2011/12/regarding-compressed-communication8e6f.html]
[bwgypyth.blogspot.com/2011/12/regarding-compressed-communicationfa45.html]
[bwgypyth.blogspot.com/2011/12/regarding-compressed-communicationdbef.html]
[bwgypyth.blogspot.com/2011/12/regarding-compressed-communicationa249.html]
[bwgypyth.blogspot.com/2011/12/regarding-compressed-communicationbaaa.html]
[bwgypyth.blogspot.com/2011/12/regarding-compressed-communication6423.html]
[bwgypyth.blogspot.com/2011/12/regarding-compressed-communication019f.html]
[bwgypyth.blogspot.com/2011/12/regarding-compressed-communication7d79.html]
[bwgypyth.blogspot.com/2011/12/regarding-compressed-communication5316.html]
[bwgypyth.blogspot.com/2011/12/regarding-compressed-communication48c1.html]
[bwgypyth.blogspot.com/2011/12/regarding-compressed-communication7007.html]
[bwgypyth.blogspot.com/search0511.html]
[bwgypyth.blogspot.com/search31f6.html]
[bwgypyth.blogspot.com/searchfd10.html]
[bwgypyth.blogspot.com/search5907.html]
[bwgypyth.blogspot.com/searcha57c.html]
[bwgypyth.blogspot.com/search5df8.html]
[bwgypyth.blogspot.com/2010/10/on-to-character-selection3bf1.html]
[bwgypyth.blogspot.com/2010/10/on-to-character-selection6391.html]
[bwgypyth.blogspot.com/2010/10/on-to-character-selectionabf5.html]
[bwgypyth.blogspot.com/2010/10/on-to-character-selectiona522.html]
[bwgypyth.blogspot.com/2010/10/on-to-character-selection7b91.html]
[bwgypyth.blogspot.com/2010/10/on-to-character-selection924f.html]
[bwgypyth.blogspot.com/2010/10/on-to-character-selection2d05.html]
[bwgypyth.blogspot.com/2010/10/on-to-character-selection7350.html]
[bwgypyth.blogspot.com/2010/10/on-to-character-selection7fd7.html]
[bwgypyth.blogspot.com/2010/10/on-to-character-selectioneb64.html]
[bwgypyth.blogspot.com/2010/10/on-to-character-selectiond767.html]
[bwgypyth.blogspot.com/2010/10/on-to-character-selection41f9.html]
[bwgypyth.blogspot.com/2010/10/on-to-character-selection9193.html]
[bwgypyth.blogspot.com/2010/10/on-to-character-selection1de2.html]
[bwgypyth.blogspot.com/2010/10/on-to-character-selection4d24.html]
[bwgypyth.blogspot.com/2010/10/on-to-character-selection573d.html]
[bwgypyth.blogspot.com/2010/10/on-to-character-selectionb4ce.html]
[bwgypyth.blogspot.com/2010/10/on-to-character-selection9346.html]
[bwgypyth.blogspot.com/2010/04/moving-code-to-gitoriousc440.html]
[bwgypyth.blogspot.com/2010/04/moving-code-to-gitoriousf22c.html]
[bwgypyth.blogspot.com/2010/04/moving-code-to-gitorious2ab4.html]
[bwgypyth.blogspot.com/2010/04/moving-code-to-gitorious29e1.html]
[bwgypyth.blogspot.com/2010/04/moving-code-to-gitoriousb666.html]
[bwgypyth.blogspot.com/2010/04/moving-code-to-gitoriousa1f7.html]
[bwgypyth.blogspot.com/2010/04/moving-code-to-gitorious49ea.html]
[bwgypyth.blogspot.com/search351a.html]
[bwgypyth.blogspot.com/search2f93.html]
[bwgypyth.blogspot.com/searchf36c.html]
[bwgypyth.blogspot.com/searchfcc1.html]
[bwgypyth.blogspot.com/search3dc3.html]
[bwgypyth.blogspot.com/search8004.html]
[bwgypyth.blogspot.com/searchc78b.html]
[bwgypyth.blogspot.com/search7198.html]
[bwgypyth.blogspot.com/search72e3.html]
[bwgypyth.blogspot.com/search3611.html]
[bwgypyth.blogspot.com/search71f1.html]
[bwgypyth.blogspot.com/search59af.html]
[bwgypyth.blogspot.com/searchc428.html]
[bwgypyth.blogspot.com/search0064.html]
[bwgypyth.blogspot.com/searchfd42.html]
[bwgypyth.blogspot.com/search83f7.html]
[bwgypyth.blogspot.com/2009/02/tracing-crypt-api668b.html]
[bwgypyth.blogspot.com/2009/02/tracing-crypt-apif0a4.html]
[bwgypyth.blogspot.com/2009/02/tracing-crypt-api7a31.html]
[bwgypyth.blogspot.com/2009/02/tracing-crypt-api1762.html]
[bwgypyth.blogspot.com/2009/02/tracing-crypt-api2fba.html]
[bwgypyth.blogspot.com/search3318.html]
[bwgypyth.blogspot.com/search05f2.html]
[bwgypyth.blogspot.com/search5bbd.html]
[bwgypyth.blogspot.com/search2f62.html]
[bwgypyth.blogspot.com/search0d13.html]
[bwgypyth.blogspot.com/searcha733.html]
[bwgypyth.blogspot.com/search7806.html]
[bwgypyth.blogspot.com/searchdaf1.html]
[bwgypyth.blogspot.com/search0993.html]
[bwgypyth.blogspot.com/search717b.html]
[bwgypyth.blogspot.com/search537e.html]
[bwgypyth.blogspot.com/searchf930.html]
[bwgypyth.blogspot.com/search1173.html]
[bwgypyth.blogspot.com/search2065.html]
[bwgypyth.blogspot.com/search3e26.html]
[bwgypyth.blogspot.com/search64a6.html]
[bwgypyth.blogspot.com/searchef5d.html]
[bwgypyth.blogspot.com/search97fd.html]
[bwgypyth.blogspot.com/searchb1a5.html]
[bwgypyth.blogspot.com/searche6a2.html]
[bwgypyth.blogspot.com/searchd174.html]
[bwgypyth.blogspot.com/search5228.html]
[bwgypyth.blogspot.com/search2aab.html]
[bwgypyth.blogspot.com/search525f.html]
[bwgypyth.blogspot.com/search7ca0.html]
[bwgypyth.blogspot.com/search1efd.html]
[bwgypyth.blogspot.com/search5417.html]
[bwgypyth.blogspot.com/search2db3.html]
[bwgypyth.blogspot.com/search6dc2.html]
[bwgypyth.blogspot.com/search9ec6.html]
[bwgypyth.blogspot.com/searcha3a5.html]
[bwgypyth.blogspot.com/search0511.html]
[bwgypyth.blogspot.com/search5907.html]
[bwgypyth.blogspot.com/search0cf4.html]
[bwgypyth.blogspot.com/search5df8.html]
[bwgypyth.blogspot.com/search351a.html]
[bwgypyth.blogspot.com/searchf36c.html]
[bwgypyth.blogspot.com/search4be0.html]
[bwgypyth.blogspot.com/searchad13.html]
[bwgypyth.blogspot.com/search8004.html]
[bwgypyth.blogspot.com/searchc78b.html]
[bwgypyth.blogspot.com/search72e3.html]
[bwgypyth.blogspot.com/search6534.html]
[bwgypyth.blogspot.com/search6f55.html]
[bwgypyth.blogspot.com/search59af.html]
[bwgypyth.blogspot.com/searchc428.html]
[bwgypyth.blogspot.com/searchfd42.html]
[bwgypyth.blogspot.com/search7806.html]
[bwgypyth.blogspot.com/search6d48.html]
[bwgypyth.blogspot.com/search456a.html]
[bwgypyth.blogspot.com/searchdaf1.html]
[bwgypyth.blogspot.com/search087a.html]
[bwgypyth.blogspot.com/search537e.html]
[bwgypyth.blogspot.com/search1173.html]
[bwgypyth.blogspot.com/search08ab.html]
[bwgypyth.blogspot.com/search2065.html]
[bwgypyth.blogspot.com/search64a6.html]
[bwgypyth.blogspot.com/search68c3.html]
[bwgypyth.blogspot.com/search97fd.html]
[bwgypyth.blogspot.com/searche6a2.html]
[bwgypyth.blogspot.com/searchf6ed.html]
[bwgypyth.blogspot.com/search525f.html]
[bwgypyth.blogspot.com/search7ca0.html]
[bwgypyth.blogspot.com/search2db3.html]
[bwgypyth.blogspot.com/search28db.html]
[bwgypyth.blogspot.com/searcha3a5.html]
[bwgypyth.blogspot.com/search0cf4.html]
[bwgypyth.blogspot.com/searchf51f.html]
[bwgypyth.blogspot.com/search5d23.html]
[bwgypyth.blogspot.com/search4be0.html]
[bwgypyth.blogspot.com/search26cf.html]
[bwgypyth.blogspot.com/searchad13.html]
[bwgypyth.blogspot.com/searcha223.html]
[bwgypyth.blogspot.com/search6534.html]
[bwgypyth.blogspot.com/search6f55.html]
[bwgypyth.blogspot.com/searchca16.html]
[bwgypyth.blogspot.com/search6d48.html]
[bwgypyth.blogspot.com/search456a.html]
[bwgypyth.blogspot.com/search087a.html]
[bwgypyth.blogspot.com/search08ab.html]
[bwgypyth.blogspot.com/search68c3.html]
[bwgypyth.blogspot.com/searchf6ed.html]
[bwgypyth.blogspot.com/search28db.html]
[bwgypyth.blogspot.com/searchf51f.html]
[bwgypyth.blogspot.com/search5d23.html]
[bwgypyth.blogspot.com/search26cf.html]
[bwgypyth.blogspot.com/searcha223.html]
[bwgypyth.blogspot.com/search091c.html]
[bwgypyth.blogspot.com/searchca16.html]
[bwgypyth.blogspot.com/searche66d.html]
[bwgypyth.blogspot.com/search091c.html]
[bwgypyth.blogspot.com/searche66d.html]
